<?xml version="1.0" ?>
<testsuites failures="0" name="TestXML" tests="7" time="0">
	<testsuite name="Actor via FakeActor" failures="0"  tests="2" time="0">
		<testcase name="When calling serialize() and deserialize()" time="0"></testcase>
		<testcase name="When calling instantiate_controller()" time="0"></testcase>
	</testsuite>

	<testsuite name="StoryAudioChannel" failures="0"  tests="2" time="0">
		<testcase name="When calling serialize() and deserialize()" time="0"></testcase>
		<testcase name="When calling instantiate_controller()" time="0"></testcase>
	</testsuite>

	<testsuite name="StoryAudioChannelController" failures="0"  tests="4" time="0">
		<testcase name="When skippable and called play()" time="0"></testcase>
		<testcase name="When not skippable and called play()" time="0"></testcase>
		<testcase name="When skippable and the controller is deleted while playing." time="0"></testcase>
		<testcase name="When skippable, called play(), and skipped playing" time="0"></testcase>
	</testsuite>

	<testsuite name="StoryAudioChannelControllerSerializer" failures="0"  tests="1" time="0">
		<testcase name="When calling serialize() and deserialize()" time="0"></testcase>
	</testsuite>

	<testsuite name="StoryAudioManager" failures="0"  tests="16" time="0">
		<testcase name="When calling add_new_channel() with preset channel #0" time="0"></testcase>
		<testcase name="When calling add_new_channel() with preset channel #1" time="0"></testcase>
		<testcase name="When calling add_new_channel() with preset channel #2" time="0"></testcase>
		<testcase name="When calling add_new_channel() with preset channel #3" time="0"></testcase>
		<testcase name="When calling add_new_channel() with preset channel #4" time="0"></testcase>
		<testcase name="When calling AudioChannel() with the variables of a preset channel" time="0"></testcase>
		<testcase name="When calling AudioChannel() with the variables of a preset channel" time="0"></testcase>
		<testcase name="When calling AudioChannel() with the variables of a preset channel" time="0"></testcase>
		<testcase name="When calling AudioChannel() with the variables of a preset channel" time="0"></testcase>
		<testcase name="When calling AudioChannel() with the variables of a preset channel" time="0"></testcase>
		<testcase name="When calling serialize_state() and deserialize_state()" time="0"></testcase>
		<testcase name="When calling AudioChannel() with invalid arguments" time="0"></testcase>
		<testcase name="When calling AudioChannel() with invalid arguments" time="0"></testcase>
		<testcase name="When calling AudioChannel() with invalid arguments" time="0"></testcase>
		<testcase name="When calling AudioChannel() with invalid arguments" time="0"></testcase>
		<testcase name="When calling AudioChannel() with invalid arguments" time="0"></testcase>
	</testsuite>

	<testsuite name="ChoiceManager" failures="0"  tests="1" time="0">
		<testcase name="When calling execute() on ChoiceStatement" time="0"></testcase>
	</testsuite>

	<testsuite name="ChoiceStatement" failures="0"  tests="1" time="0">
		<testcase name="When calling execute() on ChoiceStatement" time="0"></testcase>
	</testsuite>

</testsuites>